Microchip MPLAB XC8 PIC(R) Assembler V3.10

Linker command line:

-W-3 \
  --edf=C:\Program Files\Microchip\xc8\v3.10\pic\dat\20250813170317_en.msgs \
  -cs -h+dist/default/production\MICRO_PROJE.X.production.sym \
  --cmf=dist/default/production\MICRO_PROJE.X.production.cmf -z -Q16F877A \
  -oC:\Users\90546\AppData\Local\Temp\xcAs1m8.0\driver_tmp_3.o \
  -presetVec=0h --fixupoverflow=error -ver=XC8 PIC(R) Assembler \
  --fixupoverflow=lstwarn \
  -Mdist/default/production/MICRO_PROJE.X.production.map -E1 \
  -ACODE=00h-07FFhx4 -ASTRCODE=00h-01FFFh -ASTRING=00h-0FFhx32 \
  -ACONST=00h-0FFhx32 -AENTRY=00h-0FFhx32 -ACOMMON=070h-07Fh \
  -ABANK0=020h-06Fh -ABANK1=0A0h-0EFh -ABANK2=0110h-016Fh \
  -ABANK3=0190h-01EFh -ARAM=020h-06Fh,0A0h-0EFh,0110h-016Fh,0190h-01EFh \
  -AABS1=020h-07Fh,0A0h-0EFh,0110h-016Fh,0190h-01EFh -ASFR0=00h-01Fh \
  -ASFR1=080h-09Fh -ASFR2=0100h-010Fh -ASFR3=0180h-018Fh \
  -ACONFIG=02007h-02007h -DCONFIG=2 -AIDLOC=02000h-02003h -DIDLOC=2 \
  -AEEDATA=00h-0FFh/02100h -DEEDATA=2 -DCODE=2 -DSTRCODE=2 -DSTRING=2 \
  -DCONST=2 -DENTRY=2 build/default/production/BOARD1_Guncel.o 

Object code version is 3.11

Machine type is 16F877A



                Name                               Link     Load   Length Selector   Space Scale
build/default/production/BOARD1_Guncel.o
                config                             2007     2007        1        0       4
                resetVec                              0        0      222        0       0
                udata_bank0                          20       20       1A       20       1
                udata_shr                            70       70        2       70       1

TOTAL           Name                               Link     Load   Length     Space
        CLASS   CODE           
                resetVec                              0        0      222         0

        CLASS   STRCODE        

        CLASS   STRING         

        CLASS   CONST          

        CLASS   ENTRY          

        CLASS   COMMON         
                udata_shr                            70       70        2         1

        CLASS   BANK0          
                udata_bank0                          20       20       1A         1

        CLASS   BANK1          

        CLASS   BANK2          

        CLASS   BANK3          

        CLASS   RAM            

        CLASS   ABS1           

        CLASS   SFR0           

        CLASS   SFR1           

        CLASS   SFR2           

        CLASS   SFR3           

        CLASS   CONFIG         
                config                             2007     2007        1         4

        CLASS   IDLOC          

        CLASS   EEDATA         



SEGMENTS        Name                           Load    Length   Top    Selector   Space  Class     Delta

                resetVec                       000000  000222  000222         0       0  CODE        2
                udata_bank0                    000020  00001A  00003A        20       1  BANK0       1
                udata_shr                      000070  000002  000072        70       1  COMMON      1


UNUSED ADDRESS RANGES

        Name                Unused          Largest block    Delta
        BANK0            003A-006F             36           1
        BANK1            00A0-00EF             50           1
        BANK2            0110-016F             60           1
        BANK3            0190-01EF             60           1
        CODE             0222-1FFF            800           2
        COMMON           0072-007F              E           1
        CONST            0222-1FFF            100           2
        EEDATA           2100-21FF            100           2
        ENTRY            0222-1FFF            100           2
        IDLOC            2000-2003              4           2
        RAM              003A-006F             36           1
                         00A0-00EF             50
                         0110-016F             60
                         0190-01EF             60
        STRCODE          0222-1FFF           1DDE           2
        STRING           0222-1FFF            100           2

                                  Symbol Table

__H__absolute__ __absolute__ 0000  __Hcode         code         0444
__Hconfig       config       2008  __Hdata         data         0444
__Hedata        edata        0444  __HresetVec     resetVec     0222
__Hspace_0      (abs)        0444  __Hspace_1      (abs)        0072
__Hspace_3      (abs)        0000  __Hspace_4      (abs)        400F
__Hudata        udata        0444  __Hudata_bank0  udata_bank0  0444
__Hudata_bank1  udata_bank1  0444  __Hudata_bank2  udata_bank2  0444
__Hudata_bank3  udata_bank3  0444  __Hudata_shr    udata_shr    0444
__L__absolute__ __absolute__ 0000  __Lcode         code         0444
__Lconfig       config       0000  __Ldata         data         0444
__Ledata        edata        0444  __LresetVec     resetVec     0000
__Lspace_0      (abs)        0000  __Lspace_1      (abs)        0000
__Lspace_3      (abs)        0000  __Lspace_4      (abs)        0000
__Ludata        udata        0444  __Ludata_bank0  udata_bank0  0444
__Ludata_bank1  udata_bank1  0444  __Ludata_bank2  udata_bank2  0444
__Ludata_bank3  udata_bank3  0444  __Ludata_shr    udata_shr    0444
__S0            (abs)        0000  __S1            (abs)        0072
__S3            (abs)        0000  
